Archive member included to satisfy reference by file (symbol)

d:/openstm/plugins/fr.ac6.mcu.externaltools.arm-none.win32_1.17.0.201812190825/tools/compiler/bin/../lib/gcc/arm-none-eabi/7.3.1/thumb/v7e-m/fpv4-sp/hard\libgcc.a(_aeabi_uldivmod.o)
                              Drivers/STM32F4xx_HAL_Driver/Src/stm32f4xx_hal_rcc.o (__aeabi_uldivmod)
d:/openstm/plugins/fr.ac6.mcu.externaltools.arm-none.win32_1.17.0.201812190825/tools/compiler/bin/../lib/gcc/arm-none-eabi/7.3.1/thumb/v7e-m/fpv4-sp/hard\libgcc.a(_udivmoddi4.o)
                              d:/openstm/plugins/fr.ac6.mcu.externaltools.arm-none.win32_1.17.0.201812190825/tools/compiler/bin/../lib/gcc/arm-none-eabi/7.3.1/thumb/v7e-m/fpv4-sp/hard\libgcc.a(_aeabi_uldivmod.o) (__udivmoddi4)
d:/openstm/plugins/fr.ac6.mcu.externaltools.arm-none.win32_1.17.0.201812190825/tools/compiler/bin/../lib/gcc/arm-none-eabi/7.3.1/thumb/v7e-m/fpv4-sp/hard\libgcc.a(_dvmd_tls.o)
                              d:/openstm/plugins/fr.ac6.mcu.externaltools.arm-none.win32_1.17.0.201812190825/tools/compiler/bin/../lib/gcc/arm-none-eabi/7.3.1/thumb/v7e-m/fpv4-sp/hard\libgcc.a(_aeabi_uldivmod.o) (__aeabi_ldiv0)
d:/openstm/plugins/fr.ac6.mcu.externaltools.arm-none.win32_1.17.0.201812190825/tools/compiler/bin/../lib/gcc/arm-none-eabi/7.3.1/../../../../arm-none-eabi/lib/thumb/v7e-m/fpv4-sp/hard\libc_nano.a(lib_a-errno.o)
                              Core/Src/syscalls.o (__errno)
d:/openstm/plugins/fr.ac6.mcu.externaltools.arm-none.win32_1.17.0.201812190825/tools/compiler/bin/../lib/gcc/arm-none-eabi/7.3.1/../../../../arm-none-eabi/lib/thumb/v7e-m/fpv4-sp/hard\libc_nano.a(lib_a-exit.o)
                              d:/openstm/plugins/fr.ac6.mcu.externaltools.arm-none.win32_1.17.0.201812190825/tools/compiler/bin/../lib/gcc/arm-none-eabi/7.3.1/../../../../arm-none-eabi/lib/thumb/v7e-m/fpv4-sp/hard/crt0.o (exit)
d:/openstm/plugins/fr.ac6.mcu.externaltools.arm-none.win32_1.17.0.201812190825/tools/compiler/bin/../lib/gcc/arm-none-eabi/7.3.1/../../../../arm-none-eabi/lib/thumb/v7e-m/fpv4-sp/hard\libc_nano.a(lib_a-impure.o)
                              d:/openstm/plugins/fr.ac6.mcu.externaltools.arm-none.win32_1.17.0.201812190825/tools/compiler/bin/../lib/gcc/arm-none-eabi/7.3.1/../../../../arm-none-eabi/lib/thumb/v7e-m/fpv4-sp/hard\libc_nano.a(lib_a-exit.o) (_global_impure_ptr)
d:/openstm/plugins/fr.ac6.mcu.externaltools.arm-none.win32_1.17.0.201812190825/tools/compiler/bin/../lib/gcc/arm-none-eabi/7.3.1/../../../../arm-none-eabi/lib/thumb/v7e-m/fpv4-sp/hard\libc_nano.a(lib_a-init.o)
                              d:/openstm/plugins/fr.ac6.mcu.externaltools.arm-none.win32_1.17.0.201812190825/tools/compiler/bin/../lib/gcc/arm-none-eabi/7.3.1/../../../../arm-none-eabi/lib/thumb/v7e-m/fpv4-sp/hard/crt0.o (__libc_init_array)
d:/openstm/plugins/fr.ac6.mcu.externaltools.arm-none.win32_1.17.0.201812190825/tools/compiler/bin/../lib/gcc/arm-none-eabi/7.3.1/../../../../arm-none-eabi/lib/thumb/v7e-m/fpv4-sp/hard\libc_nano.a(lib_a-malloc.o)
                              Middlewares/ST/STM32_USB_Host_Library/Class/CDC/Src/usbh_cdc.o (malloc)
d:/openstm/plugins/fr.ac6.mcu.externaltools.arm-none.win32_1.17.0.201812190825/tools/compiler/bin/../lib/gcc/arm-none-eabi/7.3.1/../../../../arm-none-eabi/lib/thumb/v7e-m/fpv4-sp/hard\libc_nano.a(lib_a-memset.o)
                              d:/openstm/plugins/fr.ac6.mcu.externaltools.arm-none.win32_1.17.0.201812190825/tools/compiler/bin/../lib/gcc/arm-none-eabi/7.3.1/../../../../arm-none-eabi/lib/thumb/v7e-m/fpv4-sp/hard/crt0.o (memset)
d:/openstm/plugins/fr.ac6.mcu.externaltools.arm-none.win32_1.17.0.201812190825/tools/compiler/bin/../lib/gcc/arm-none-eabi/7.3.1/../../../../arm-none-eabi/lib/thumb/v7e-m/fpv4-sp/hard\libc_nano.a(lib_a-nano-freer.o)
                              d:/openstm/plugins/fr.ac6.mcu.externaltools.arm-none.win32_1.17.0.201812190825/tools/compiler/bin/../lib/gcc/arm-none-eabi/7.3.1/../../../../arm-none-eabi/lib/thumb/v7e-m/fpv4-sp/hard\libc_nano.a(lib_a-malloc.o) (_free_r)
d:/openstm/plugins/fr.ac6.mcu.externaltools.arm-none.win32_1.17.0.201812190825/tools/compiler/bin/../lib/gcc/arm-none-eabi/7.3.1/../../../../arm-none-eabi/lib/thumb/v7e-m/fpv4-sp/hard\libc_nano.a(lib_a-nano-mallocr.o)
                              d:/openstm/plugins/fr.ac6.mcu.externaltools.arm-none.win32_1.17.0.201812190825/tools/compiler/bin/../lib/gcc/arm-none-eabi/7.3.1/../../../../arm-none-eabi/lib/thumb/v7e-m/fpv4-sp/hard\libc_nano.a(lib_a-malloc.o) (_malloc_r)
d:/openstm/plugins/fr.ac6.mcu.externaltools.arm-none.win32_1.17.0.201812190825/tools/compiler/bin/../lib/gcc/arm-none-eabi/7.3.1/../../../../arm-none-eabi/lib/thumb/v7e-m/fpv4-sp/hard\libc_nano.a(lib_a-sbrkr.o)
                              d:/openstm/plugins/fr.ac6.mcu.externaltools.arm-none.win32_1.17.0.201812190825/tools/compiler/bin/../lib/gcc/arm-none-eabi/7.3.1/../../../../arm-none-eabi/lib/thumb/v7e-m/fpv4-sp/hard\libc_nano.a(lib_a-nano-mallocr.o) (_sbrk_r)
[...]
Memory Configuration

Name             Origin             Length             Attributes
RAM              0x20000000         0x00020000         xrw
CCMRAM           0x10000000         0x00010000         xrw
FLASH            0x08000000         0x00100000         xr
*default*        0x00000000         0xffffffff

Linker script and memory map

LOAD d:/openstm/plugins/fr.ac6.mcu.externaltools.arm-none.win32_1.17.0.201812190825/tools/compiler/bin/../lib/gcc/arm-none-eabi/7.3.1/thumb/v7e-m/fpv4-sp/hard/crti.o
LOAD d:/openstm/plugins/fr.ac6.mcu.externaltools.arm-none.win32_1.17.0.201812190825/tools/compiler/bin/../lib/gcc/arm-none-eabi/7.3.1/thumb/v7e-m/fpv4-sp/hard/crtbegin.o
LOAD d:/openstm/plugins/fr.ac6.mcu.externaltools.arm-none.win32_1.17.0.201812190825/tools/compiler/bin/../lib/gcc/arm-none-eabi/7.3.1/../../../../arm-none-eabi/lib/thumb/v7e-m/fpv4-sp/hard/crt0.o
LOAD Core/Src/main.o
LOAD Core/Src/stm32f4xx_hal_msp.o
LOAD Core/Src/stm32f4xx_it.o
LOAD Core/Src/syscalls.o
LOAD Core/Src/system_stm32f4xx.o
LOAD Drivers/STM32F4xx_HAL_Driver/Src/stm32f4xx_hal.o
LOAD Drivers/STM32F4xx_HAL_Driver/Src/stm32f4xx_hal_cortex.o
LOAD Drivers/STM32F4xx_HAL_Driver/Src/stm32f4xx_hal_dma.o
LOAD Drivers/STM32F4xx_HAL_Driver/Src/stm32f4xx_hal_dma_ex.o
LOAD Drivers/STM32F4xx_HAL_Driver/Src/stm32f4xx_hal_exti.o
LOAD Drivers/STM32F4xx_HAL_Driver/Src/stm32f4xx_hal_flash.o
LOAD Drivers/STM32F4xx_HAL_Driver/Src/stm32f4xx_hal_flash_ex.o
LOAD Drivers/STM32F4xx_HAL_Driver/Src/stm32f4xx_hal_flash_ramfunc.o
LOAD Drivers/STM32F4xx_HAL_Driver/Src/stm32f4xx_hal_gpio.o
LOAD Drivers/STM32F4xx_HAL_Driver/Src/stm32f4xx_hal_hcd.o
LOAD Drivers/STM32F4xx_HAL_Driver/Src/stm32f4xx_hal_i2s.o
LOAD Drivers/STM32F4xx_HAL_Driver/Src/stm32f4xx_hal_i2s_ex.o
LOAD Drivers/STM32F4xx_HAL_Driver/Src/stm32f4xx_hal_pwr.o
LOAD Drivers/STM32F4xx_HAL_Driver/Src/stm32f4xx_hal_pwr_ex.o
LOAD Drivers/STM32F4xx_HAL_Driver/Src/stm32f4xx_hal_rcc.o
LOAD Drivers/STM32F4xx_HAL_Driver/Src/stm32f4xx_hal_rcc_ex.o
LOAD Drivers/STM32F4xx_HAL_Driver/Src/stm32f4xx_hal_tim.o
LOAD Drivers/STM32F4xx_HAL_Driver/Src/stm32f4xx_hal_tim_ex.o
LOAD Drivers/STM32F4xx_HAL_Driver/Src/stm32f4xx_hal_uart.o
LOAD Drivers/STM32F4xx_HAL_Driver/Src/stm32f4xx_ll_usb.o
LOAD Middlewares/ST/STM32_USB_Host_Library/Class/CDC/Src/usbh_cdc.o
LOAD Middlewares/ST/STM32_USB_Host_Library/Core/Src/usbh_core.o
LOAD Middlewares/ST/STM32_USB_Host_Library/Core/Src/usbh_ctlreq.o
LOAD Middlewares/ST/STM32_USB_Host_Library/Core/Src/usbh_ioreq.o
LOAD Middlewares/ST/STM32_USB_Host_Library/Core/Src/usbh_pipes.o
LOAD USB_HOST/App/usb_host.o
LOAD USB_HOST/Target/usbh_conf.o
LOAD USB_HOST/Target/usbh_platform.o
LOAD startup/startup_stm32f407xx.o
LOAD d:/openstm/plugins/fr.ac6.mcu.externaltools.arm-none.win32_1.17.0.201812190825/tools/compiler/bin/../lib/gcc/arm-none-eabi/7.3.1/../../../../arm-none-eabi/lib/thumb/v7e-m/fpv4-sp/hard\libm.a
START GROUP
LOAD d:/openstm/plugins/fr.ac6.mcu.externaltools.arm-none.win32_1.17.0.201812190825/tools/compiler/bin/../lib/gcc/arm-none-eabi/7.3.1/thumb/v7e-m/fpv4-sp/hard\libgcc.a
LOAD d:/openstm/plugins/fr.ac6.mcu.externaltools.arm-none.win32_1.17.0.201812190825/tools/compiler/bin/../lib/gcc/arm-none-eabi/7.3.1/../../../../arm-none-eabi/lib/thumb/v7e-m/fpv4-sp/hard\libc_nano.a
END GROUP
START GROUP
LOAD d:/openstm/plugins/fr.ac6.mcu.externaltools.arm-none.win32_1.17.0.201812190825/tools/compiler/bin/../lib/gcc/arm-none-eabi/7.3.1/thumb/v7e-m/fpv4-sp/hard\libgcc.a
LOAD d:/openstm/plugins/fr.ac6.mcu.externaltools.arm-none.win32_1.17.0.201812190825/tools/compiler/bin/../lib/gcc/arm-none-eabi/7.3.1/../../../../arm-none-eabi/lib/thumb/v7e-m/fpv4-sp/hard\libc_nano.a
LOAD d:/openstm/plugins/fr.ac6.mcu.externaltools.arm-none.win32_1.17.0.201812190825/tools/compiler/bin/../lib/gcc/arm-none-eabi/7.3.1/../../../../arm-none-eabi/lib/thumb/v7e-m/fpv4-sp/hard\libnosys.a
END GROUP
START GROUP
LOAD d:/openstm/plugins/fr.ac6.mcu.externaltools.arm-none.win32_1.17.0.201812190825/tools/compiler/bin/../lib/gcc/arm-none-eabi/7.3.1/thumb/v7e-m/fpv4-sp/hard\libgcc.a
LOAD d:/openstm/plugins/fr.ac6.mcu.externaltools.arm-none.win32_1.17.0.201812190825/tools/compiler/bin/../lib/gcc/arm-none-eabi/7.3.1/../../../../arm-none-eabi/lib/thumb/v7e-m/fpv4-sp/hard\libc_nano.a
LOAD d:/openstm/plugins/fr.ac6.mcu.externaltools.arm-none.win32_1.17.0.201812190825/tools/compiler/bin/../lib/gcc/arm-none-eabi/7.3.1/../../../../arm-none-eabi/lib/thumb/v7e-m/fpv4-sp/hard\libnosys.a
END GROUP
LOAD d:/openstm/plugins/fr.ac6.mcu.externaltools.arm-none.win32_1.17.0.201812190825/tools/compiler/bin/../lib/gcc/arm-none-eabi/7.3.1/thumb/v7e-m/fpv4-sp/hard/crtend.o
LOAD d:/openstm/plugins/fr.ac6.mcu.externaltools.arm-none.win32_1.17.0.201812190825/tools/compiler/bin/../lib/gcc/arm-none-eabi/7.3.1/thumb/v7e-m/fpv4-sp/hard/crtn.o
                0x20020000                _estack = 0x20020000
                0x00000200                _Min_Heap_Size = 0x200
                0x00000400                _Min_Stack_Size = 0x400

.isr_vector     0x08000000      0x188
                0x08000000                . = ALIGN (0x4)
 *(.isr_vector)
 .isr_vector    0x08000000      0x188 startup/startup_stm32f407xx.o
                0x08000000                g_pfnVectors
                0x08000188                . = ALIGN (0x4)

.text           0x08000188     0x1ec0
                0x08000188                . = ALIGN (0x4)
 *(.text)
 .text          0x08000188       0x40 d:/openstm/plugins/fr.ac6.mcu.externaltools.arm-none.win32_1.17.0.201812190825/tools/compiler/bin/../lib/gcc/arm-none-eabi/7.3.1/thumb/v7e-m/fpv4-sp/hard/crtbegin.o
 .text          0x080001c8       0x30 d:/openstm/plugins/fr.ac6.mcu.externaltools.arm-none.win32_1.17.0.201812190825/tools/compiler/bin/../lib/gcc/arm-none-eabi/7.3.1/thumb/v7e-m/fpv4-sp/hard\libgcc.a(_aeabi_uldivmod.o)
                0x080001c8                __aeabi_uldivmod
 .text          0x080001f8      0x2cc d:/openstm/plugins/fr.ac6.mcu.externaltools.arm-none.win32_1.17.0.201812190825/tools/compiler/bin/../lib/gcc/arm-none-eabi/7.3.1/thumb/v7e-m/fpv4-sp/hard\libgcc.a(_udivmoddi4.o)
                0x080001f8                __udivmoddi4
 .text          0x080004c4        0x4 d:/openstm/plugins/fr.ac6.mcu.externaltools.arm-none.win32_1.17.0.201812190825/tools/compiler/bin/../lib/gcc/arm-none-eabi/7.3.1/thumb/v7e-m/fpv4-sp/hard\libgcc.a(_dvmd_tls.o)
                0x080004c4                __aeabi_idiv0
                0x080004c4                __aeabi_ldiv0
 .text          0x080004c8       0x10 d:/openstm/plugins/fr.ac6.mcu.externaltools.arm-none.win32_1.17.0.201812190825/tools/compiler/bin/../lib/gcc/arm-none-eabi/7.3.1/../../../../arm-none-eabi/lib/thumb/v7e-m/fpv4-sp/hard\libc_nano.a(lib_a-strlen.o)
                0x080004c8                strlen
 *(.text*)
 .text.MX_GPIO_Init
                0x080004d8       0x84 Core/Src/main.o
 .text.convert_to_capital
                0x0800055c       0x10 Core/Src/main.o
                0x0800055c                convert_to_capital
 .text.Error_Handler
                0x0800056c        0x4 Core/Src/main.o
                0x0800056c                Error_Handler
 .text.MX_USART2_UART_Init
                0x08000570       0x34 Core/Src/main.o
 .text.main     0x080005a4       0x60 Core/Src/main.o
                0x080005a4                main
 .text.HAL_UART_RxCpltCallback
                0x08000604       0x5c Core/Src/main.o
                0x08000604                HAL_UART_RxCpltCallback
 .text.HAL_MspInit
                0x08000660       0x40 Core/Src/stm32f4xx_hal_msp.o
                0x08000660                HAL_MspInit
 .text.HAL_UART_MspInit
                0x080006a0       0x70 Core/Src/stm32f4xx_hal_msp.o
                0x080006a0                HAL_UART_MspInit
 .text.NMI_Handler
                0x08000710        0x2 Core/Src/stm32f4xx_it.o
                0x08000710                NMI_Handler
 .text.HardFault_Handler
                0x08000712        0x2 Core/Src/stm32f4xx_it.o
                0x08000712                HardFault_Handler
 .text.MemManage_Handler
                0x08000714        0x2 Core/Src/stm32f4xx_it.o
                0x08000714                MemManage_Handler
 .text.BusFault_Handler
                0x08000716        0x2 Core/Src/stm32f4xx_it.o
                0x08000716                BusFault_Handler
 .text.UsageFault_Handler
                0x08000718        0x2 Core/Src/stm32f4xx_it.o
                0x08000718                UsageFault_Handler
 .text.SVC_Handler
                0x0800071a        0x2 Core/Src/stm32f4xx_it.o
                0x0800071a                SVC_Handler
 .text.DebugMon_Handler
                0x0800071c        0x2 Core/Src/stm32f4xx_it.o
                0x0800071c                DebugMon_Handler
 .text.PendSV_Handler
                0x0800071e        0x2 Core/Src/stm32f4xx_it.o
                0x0800071e                PendSV_Handler
 .text.SysTick_Handler
                0x08000720        0x8 Core/Src/stm32f4xx_it.o
                0x08000720                SysTick_Handler
 .text.OTG_FS_IRQHandler
                0x08000728       0x10 Core/Src/stm32f4xx_it.o
                0x08000728                OTG_FS_IRQHandler
 .text.SystemInit
                0x08000738       0x14 Core/Src/system_stm32f4xx.o
                0x08000738                SystemInit
 .text.HAL_InitTick
                0x0800074c       0x48 Drivers/STM32F4xx_HAL_Driver/Src/stm32f4xx_hal.o
                0x0800074c                HAL_InitTick
 .text.HAL_Init
                0x08000794       0x34 Drivers/STM32F4xx_HAL_Driver/Src/stm32f4xx_hal.o
                0x08000794                HAL_Init
 .text.HAL_IncTick
                0x080007c8       0x18 Drivers/STM32F4xx_HAL_Driver/Src/stm32f4xx_hal.o
                0x080007c8                HAL_IncTick
 .text.HAL_GetTick
                0x080007e0        0xc Drivers/STM32F4xx_HAL_Driver/Src/stm32f4xx_hal.o
                0x080007e0                HAL_GetTick
 .text.HAL_NVIC_SetPriorityGrouping
                0x080007ec       0x24 Drivers/STM32F4xx_HAL_Driver/Src/stm32f4xx_hal_cortex.o
                0x080007ec                HAL_NVIC_SetPriorityGrouping
 .text.HAL_NVIC_SetPriority
                0x08000810       0x68 Drivers/STM32F4xx_HAL_Driver/Src/stm32f4xx_hal_cortex.o
                0x08000810                HAL_NVIC_SetPriority
 .text.HAL_SYSTICK_Config
                0x08000878       0x2c Drivers/STM32F4xx_HAL_Driver/Src/stm32f4xx_hal_cortex.o
                0x08000878                HAL_SYSTICK_Config
 .text.HAL_DMA_Abort
                0x080008a4       0x94 Drivers/STM32F4xx_HAL_Driver/Src/stm32f4xx_hal_dma.o
                0x080008a4                HAL_DMA_Abort
 .text.HAL_DMA_Abort_IT
                0x08000938       0x26 Drivers/STM32F4xx_HAL_Driver/Src/stm32f4xx_hal_dma.o
                0x08000938                HAL_DMA_Abort_IT
 *fill*         0x0800095e        0x2 
 .text.HAL_GPIO_Init
                0x08000960      0x1d4 Drivers/STM32F4xx_HAL_Driver/Src/stm32f4xx_hal_gpio.o
                0x08000960                HAL_GPIO_Init
 .text.HAL_GPIO_ReadPin
                0x08000b34        0xe Drivers/STM32F4xx_HAL_Driver/Src/stm32f4xx_hal_gpio.o
                0x08000b34                HAL_GPIO_ReadPin
 .text.HCD_RXQLVL_IRQHandler
                0x08000b42       0x98 Drivers/STM32F4xx_HAL_Driver/Src/stm32f4xx_hal_hcd.o
 .text.HCD_Port_IRQHandler
                0x08000bda       0xb0 Drivers/STM32F4xx_HAL_Driver/Src/stm32f4xx_hal_hcd.o
 .text.HCD_HC_IN_IRQHandler
                0x08000c8a      0x324 Drivers/STM32F4xx_HAL_Driver/Src/stm32f4xx_hal_hcd.o
 .text.HCD_HC_OUT_IRQHandler
                0x08000fae      0x30e Drivers/STM32F4xx_HAL_Driver/Src/stm32f4xx_hal_hcd.o
 .text.HAL_HCD_IRQHandler
                0x080012bc      0x156 Drivers/STM32F4xx_HAL_Driver/Src/stm32f4xx_hal_hcd.o
                0x080012bc                HAL_HCD_IRQHandler
 .text.HAL_HCD_Stop
                0x08001412       0x24 Drivers/STM32F4xx_HAL_Driver/Src/stm32f4xx_hal_hcd.o
                0x08001412                HAL_HCD_Stop
 *fill*         0x08001436        0x2 
 .text.HAL_RCC_GetHCLKFreq
                0x08001438        0xc Drivers/STM32F4xx_HAL_Driver/Src/stm32f4xx_hal_rcc.o
                0x08001438                HAL_RCC_GetHCLKFreq
 .text.HAL_RCC_GetPCLK1Freq
                0x08001444       0x20 Drivers/STM32F4xx_HAL_Driver/Src/stm32f4xx_hal_rcc.o
                0x08001444                HAL_RCC_GetPCLK1Freq
 .text.HAL_RCC_GetPCLK2Freq
                0x08001464       0x20 Drivers/STM32F4xx_HAL_Driver/Src/stm32f4xx_hal_rcc.o
                0x08001464                HAL_RCC_GetPCLK2Freq
 .text.UART_EndRxTransfer
                0x08001484       0x5c Drivers/STM32F4xx_HAL_Driver/Src/stm32f4xx_hal_uart.o
 .text.UART_Transmit_IT
                0x080014e0       0x62 Drivers/STM32F4xx_HAL_Driver/Src/stm32f4xx_hal_uart.o
 *fill*         0x08001542        0x2 
 .text.UART_SetConfig
                0x08001544      0x134 Drivers/STM32F4xx_HAL_Driver/Src/stm32f4xx_hal_uart.o
 .text.UART_WaitOnFlagUntilTimeout
                0x08001678       0x7e Drivers/STM32F4xx_HAL_Driver/Src/stm32f4xx_hal_uart.o
 .text.HAL_UART_Init
                0x080016f6       0x5e Drivers/STM32F4xx_HAL_Driver/Src/stm32f4xx_hal_uart.o
                0x080016f6                HAL_UART_Init
 .text.HAL_UART_Transmit
                0x08001754       0xda Drivers/STM32F4xx_HAL_Driver/Src/stm32f4xx_hal_uart.o
                0x08001754                HAL_UART_Transmit
 .text.HAL_UART_TxCpltCallback
                0x0800182e        0x2 Drivers/STM32F4xx_HAL_Driver/Src/stm32f4xx_hal_uart.o
                0x0800182e                HAL_UART_TxCpltCallback
 .text.UART_EndTransmit_IT
                0x08001830       0x1a Drivers/STM32F4xx_HAL_Driver/Src/stm32f4xx_hal_uart.o
 .text.HAL_UART_ErrorCallback
                0x0800184a        0x2 Drivers/STM32F4xx_HAL_Driver/Src/stm32f4xx_hal_uart.o
                0x0800184a                HAL_UART_ErrorCallback
 .text.UART_DMAAbortOnError
                0x0800184c       0x10 Drivers/STM32F4xx_HAL_Driver/Src/stm32f4xx_hal_uart.o
 .text.HAL_UARTEx_RxEventCallback
                0x0800185c        0x2 Drivers/STM32F4xx_HAL_Driver/Src/stm32f4xx_hal_uart.o
                0x0800185c                HAL_UARTEx_RxEventCallback
 .text.UART_Receive_IT
                0x0800185e       0xe2 Drivers/STM32F4xx_HAL_Driver/Src/stm32f4xx_hal_uart.o
 .text.HAL_UART_IRQHandler
                0x08001940      0x270 Drivers/STM32F4xx_HAL_Driver/Src/stm32f4xx_hal_uart.o
                0x08001940                HAL_UART_IRQHandler
 .text.UART_Start_Receive_IT
                0x08001bb0       0x36 Drivers/STM32F4xx_HAL_Driver/Src/stm32f4xx_hal_uart.o
                0x08001bb0                UART_Start_Receive_IT
 .text.HAL_UART_Receive_IT
                0x08001be6       0x38 Drivers/STM32F4xx_HAL_Driver/Src/stm32f4xx_hal_uart.o
                0x08001be6                HAL_UART_Receive_IT
 .text.USB_EnableGlobalInt
                0x08001c1e        0xc Drivers/STM32F4xx_HAL_Driver/Src/stm32f4xx_ll_usb.o
                0x08001c1e                USB_EnableGlobalInt
 .text.USB_DisableGlobalInt
                0x08001c2a        0xc Drivers/STM32F4xx_HAL_Driver/Src/stm32f4xx_ll_usb.o
                0x08001c2a                USB_DisableGlobalInt
 *fill*         0x08001c36        0x2 
 .text.USB_FlushTxFifo
                0x08001c38       0x30 Drivers/STM32F4xx_HAL_Driver/Src/stm32f4xx_ll_usb.o
                0x08001c38                USB_FlushTxFifo
 .text.USB_FlushRxFifo
                0x08001c68       0x2c Drivers/STM32F4xx_HAL_Driver/Src/stm32f4xx_ll_usb.o
                0x08001c68                USB_FlushRxFifo
 .text.USB_ReadPacket
                0x08001c94       0x4e Drivers/STM32F4xx_HAL_Driver/Src/stm32f4xx_ll_usb.o
                0x08001c94                USB_ReadPacket
 .text.USB_ReadInterrupts
                0x08001ce2        0x8 Drivers/STM32F4xx_HAL_Driver/Src/stm32f4xx_ll_usb.o
                0x08001ce2                USB_ReadInterrupts
 .text.USB_GetMode
                0x08001cea        0x8 Drivers/STM32F4xx_HAL_Driver/Src/stm32f4xx_ll_usb.o
                0x08001cea                USB_GetMode
 .text.USB_InitFSLSPClkSel
                0x08001cf2       0x40 Drivers/STM32F4xx_HAL_Driver/Src/stm32f4xx_ll_usb.o
                0x08001cf2                USB_InitFSLSPClkSel
 .text.USB_HC_ReadInterrupt
                0x08001d32        0xa Drivers/STM32F4xx_HAL_Driver/Src/stm32f4xx_ll_usb.o
                0x08001d32                USB_HC_ReadInterrupt
 .text.USB_HC_Halt
                0x08001d3c       0xe8 Drivers/STM32F4xx_HAL_Driver/Src/stm32f4xx_ll_usb.o
                0x08001d3c                USB_HC_Halt
 .text.USB_StopHost
                0x08001e24       0x7e Drivers/STM32F4xx_HAL_Driver/Src/stm32f4xx_ll_usb.o
                0x08001e24                USB_StopHost
 .text.USBH_HandleSof
                0x08001ea2       0x1a Middlewares/ST/STM32_USB_Host_Library/Core/Src/usbh_core.o
 .text.USBH_LL_IncTimer
                0x08001ebc       0x12 Middlewares/ST/STM32_USB_Host_Library/Core/Src/usbh_core.o
                0x08001ebc                USBH_LL_IncTimer
 .text.USBH_LL_PortEnabled
                0x08001ece        0x8 Middlewares/ST/STM32_USB_Host_Library/Core/Src/usbh_core.o
                0x08001ece                USBH_LL_PortEnabled
 .text.USBH_LL_PortDisabled
                0x08001ed6        0x8 Middlewares/ST/STM32_USB_Host_Library/Core/Src/usbh_core.o
                0x08001ed6                USBH_LL_PortDisabled
 .text.USBH_LL_Connect
                0x08001ede       0x14 Middlewares/ST/STM32_USB_Host_Library/Core/Src/usbh_core.o
                0x08001ede                USBH_LL_Connect
 .text.USBH_LL_Disconnect
                0x08001ef2       0x2c Middlewares/ST/STM32_USB_Host_Library/Core/Src/usbh_core.o
                0x08001ef2                USBH_LL_Disconnect
 .text.USBH_FreePipe
                0x08001f1e       0x16 Middlewares/ST/STM32_USB_Host_Library/Core/Src/usbh_pipes.o
                0x08001f1e                USBH_FreePipe
 .text.HAL_HCD_SOF_Callback
                0x08001f34        0xc USB_HOST/Target/usbh_conf.o
                0x08001f34                HAL_HCD_SOF_Callback
 .text.HAL_HCD_Connect_Callback
                0x08001f40        0xc USB_HOST/Target/usbh_conf.o
                0x08001f40                HAL_HCD_Connect_Callback
 .text.HAL_HCD_Disconnect_Callback
                0x08001f4c        0xc USB_HOST/Target/usbh_conf.o
                0x08001f4c                HAL_HCD_Disconnect_Callback
 .text.HAL_HCD_HC_NotifyURBChange_Callback
                0x08001f58        0x2 USB_HOST/Target/usbh_conf.o
                0x08001f58                HAL_HCD_HC_NotifyURBChange_Callback
 .text.HAL_HCD_PortEnabled_Callback
                0x08001f5a        0xc USB_HOST/Target/usbh_conf.o
                0x08001f5a                HAL_HCD_PortEnabled_Callback
 .text.HAL_HCD_PortDisabled_Callback
                0x08001f66        0xc USB_HOST/Target/usbh_conf.o
                0x08001f66                HAL_HCD_PortDisabled_Callback
 .text.USBH_Get_USB_Status
                0x08001f72       0x12 USB_HOST/Target/usbh_conf.o
                0x08001f72                USBH_Get_USB_Status
 .text.USBH_LL_Stop
                0x08001f84       0x10 USB_HOST/Target/usbh_conf.o
                0x08001f84                USBH_LL_Stop
 .text.Reset_Handler
                0x08001f94       0x50 startup/startup_stm32f407xx.o
                0x08001f94                Reset_Handler
 .text.Default_Handler
                0x08001fe4        0x2 startup/startup_stm32f407xx.o
                0x08001fe4                RTC_Alarm_IRQHandler
                0x08001fe4                HASH_RNG_IRQHandler
                0x08001fe4                EXTI2_IRQHandler
                0x08001fe4                TIM8_CC_IRQHandler
                0x08001fe4                TIM1_CC_IRQHandler
                0x08001fe4                DMA2_Stream5_IRQHandler
                0x08001fe4                DMA1_Stream5_IRQHandler
                0x08001fe4                PVD_IRQHandler
                0x08001fe4                SDIO_IRQHandler
                0x08001fe4                TAMP_STAMP_IRQHandler
                0x08001fe4                CAN2_RX1_IRQHandler
                0x08001fe4                EXTI3_IRQHandler
                0x08001fe4                TIM8_TRG_COM_TIM14_IRQHandler
                0x08001fe4                TIM1_UP_TIM10_IRQHandler
                0x08001fe4                TIM8_UP_TIM13_IRQHandler
                0x08001fe4                I2C3_ER_IRQHandler
                0x08001fe4                EXTI0_IRQHandler
                0x08001fe4                I2C2_EV_IRQHandler
                0x08001fe4                DMA1_Stream2_IRQHandler
                0x08001fe4                CAN1_RX0_IRQHandler
                0x08001fe4                FPU_IRQHandler
                0x08001fe4                OTG_HS_WKUP_IRQHandler
                0x08001fe4                CAN2_SCE_IRQHandler
                0x08001fe4                DMA2_Stream2_IRQHandler
                0x08001fe4                SPI1_IRQHandler
                0x08001fe4                TIM6_DAC_IRQHandler
                0x08001fe4                TIM1_BRK_TIM9_IRQHandler
                0x08001fe4                DCMI_IRQHandler
                0x08001fe4                CAN2_RX0_IRQHandler
                0x08001fe4                DMA2_Stream3_IRQHandler
                0x08001fe4                USART6_IRQHandler
                0x08001fe4                USART3_IRQHandler
                0x08001fe4                CAN1_RX1_IRQHandler
                0x08001fe4                UART5_IRQHandler
                0x08001fe4                DMA2_Stream0_IRQHandler
                0x08001fe4                TIM4_IRQHandler
                0x08001fe4                I2C1_EV_IRQHandler
                0x08001fe4                DMA1_Stream6_IRQHandler
                0x08001fe4                DMA1_Stream1_IRQHandler
                0x08001fe4                UART4_IRQHandler
                0x08001fe4                TIM3_IRQHandler
                0x08001fe4                RCC_IRQHandler
                0x08001fe4                TIM8_BRK_TIM12_IRQHandler
                0x08001fe4                Default_Handler
                0x08001fe4                EXTI15_10_IRQHandler
                0x08001fe4                ADC_IRQHandler
                0x08001fe4                DMA1_Stream7_IRQHandler
                0x08001fe4                TIM7_IRQHandler
                0x08001fe4                CAN2_TX_IRQHandler
                0x08001fe4                TIM5_IRQHandler
                0x08001fe4                DMA2_Stream7_IRQHandler
                0x08001fe4                I2C3_EV_IRQHandler
                0x08001fe4                EXTI9_5_IRQHandler
                0x08001fe4                RTC_WKUP_IRQHandler
                0x08001fe4                ETH_WKUP_IRQHandler
                0x08001fe4                SPI2_IRQHandler
                0x08001fe4                OTG_HS_EP1_IN_IRQHandler
                0x08001fe4                DMA1_Stream0_IRQHandler
                0x08001fe4                CAN1_TX_IRQHandler
                0x08001fe4                EXTI4_IRQHandler
                0x08001fe4                FSMC_IRQHandler
                0x08001fe4                ETH_IRQHandler
                0x08001fe4                OTG_HS_EP1_OUT_IRQHandler
                0x08001fe4                WWDG_IRQHandler
                0x08001fe4                TIM2_IRQHandler
                0x08001fe4                OTG_FS_WKUP_IRQHandler
                0x08001fe4                TIM1_TRG_COM_TIM11_IRQHandler
                0x08001fe4                OTG_HS_IRQHandler
                0x08001fe4                EXTI1_IRQHandler
                0x08001fe4                USART2_IRQHandler
                0x08001fe4                I2C2_ER_IRQHandler
                0x08001fe4                DMA2_Stream1_IRQHandler
                0x08001fe4                CAN1_SCE_IRQHandler
                0x08001fe4                FLASH_IRQHandler
                0x08001fe4                DMA2_Stream4_IRQHandler
                0x08001fe4                USART1_IRQHandler
                0x08001fe4                SPI3_IRQHandler
                0x08001fe4                DMA1_Stream4_IRQHandler
                0x08001fe4                I2C1_ER_IRQHandler
                0x08001fe4                DMA2_Stream6_IRQHandler
                0x08001fe4                DMA1_Stream3_IRQHandler
 *fill*         0x08001fe6        0x2 
 .text.__libc_init_array
                0x08001fe8       0x48 d:/openstm/plugins/fr.ac6.mcu.externaltools.arm-none.win32_1.17.0.201812190825/tools/compiler/bin/../lib/gcc/arm-none-eabi/7.3.1/../../../../arm-none-eabi/lib/thumb/v7e-m/fpv4-sp/hard\libc_nano.a(lib_a-init.o)
                0x08001fe8                __libc_init_array
 *(.glue_7)
 .glue_7        0x08002030        0x0 linker stubs
 *(.glue_7t)
 .glue_7t       0x08002030        0x0 linker stubs
 *(.eh_frame)
 .eh_frame      0x08002030        0x0 d:/openstm/plugins/fr.ac6.mcu.externaltools.arm-none.win32_1.17.0.201812190825/tools/compiler/bin/../lib/gcc/arm-none-eabi/7.3.1/thumb/v7e-m/fpv4-sp/hard/crtbegin.o
 *(.init)
 .init          0x08002030        0x4 d:/openstm/plugins/fr.ac6.mcu.externaltools.arm-none.win32_1.17.0.201812190825/tools/compiler/bin/../lib/gcc/arm-none-eabi/7.3.1/thumb/v7e-m/fpv4-sp/hard/crti.o
                0x08002030                _init
 .init          0x08002034        0x8 d:/openstm/plugins/fr.ac6.mcu.externaltools.arm-none.win32_1.17.0.201812190825/tools/compiler/bin/../lib/gcc/arm-none-eabi/7.3.1/thumb/v7e-m/fpv4-sp/hard/crtn.o
 *(.fini)
 .fini          0x0800203c        0x4 d:/openstm/plugins/fr.ac6.mcu.externaltools.arm-none.win32_1.17.0.201812190825/tools/compiler/bin/../lib/gcc/arm-none-eabi/7.3.1/thumb/v7e-m/fpv4-sp/hard/crti.o
                0x0800203c                _fini
 .fini          0x08002040        0x8 d:/openstm/plugins/fr.ac6.mcu.externaltools.arm-none.win32_1.17.0.201812190825/tools/compiler/bin/../lib/gcc/arm-none-eabi/7.3.1/thumb/v7e-m/fpv4-sp/hard/crtn.o
                0x08002048                . = ALIGN (0x4)
                0x08002048                _etext = .

.vfp11_veneer   0x08002048        0x0
 .vfp11_veneer  0x08002048        0x0 linker stubs

.v4_bx          0x08002048        0x0
 .v4_bx         0x08002048        0x0 linker stubs

.iplt           0x08002048        0x0
 .iplt          0x08002048        0x0 d:/openstm/plugins/fr.ac6.mcu.externaltools.arm-none.win32_1.17.0.201812190825/tools/compiler/bin/../lib/gcc/arm-none-eabi/7.3.1/thumb/v7e-m/fpv4-sp/hard/crtbegin.o

.rodata         0x08002048       0x24
                0x08002048                . = ALIGN (0x4)
 *(.rodata)
 .rodata        0x08002048       0x18 Core/Src/system_stm32f4xx.o
                0x08002048                AHBPrescTable
                0x08002058                APBPrescTable
 *(.rodata*)
 .rodata.str1.4
                0x08002060        0xc Core/Src/main.o
                0x0800206c                . = ALIGN (0x4)

.ARM.extab
 *(.ARM.extab* .gnu.linkonce.armextab.*)

.ARM            0x0800206c        0x8
                0x0800206c                __exidx_start = .
 *(.ARM.exidx*)
 .ARM.exidx     0x0800206c        0x8 d:/openstm/plugins/fr.ac6.mcu.externaltools.arm-none.win32_1.17.0.201812190825/tools/compiler/bin/../lib/gcc/arm-none-eabi/7.3.1/thumb/v7e-m/fpv4-sp/hard\libgcc.a(_udivmoddi4.o)
                0x08002074                __exidx_end = .

.rel.dyn        0x08002074        0x0
 .rel.iplt      0x08002074        0x0 d:/openstm/plugins/fr.ac6.mcu.externaltools.arm-none.win32_1.17.0.201812190825/tools/compiler/bin/../lib/gcc/arm-none-eabi/7.3.1/thumb/v7e-m/fpv4-sp/hard/crtbegin.o

.preinit_array  0x08002074        0x0
                0x08002074                PROVIDE (__preinit_array_start = .)
 *(.preinit_array*)
                0x08002074                PROVIDE (__preinit_array_end = .)

.init_array     0x08002074        0x4
                0x08002074                PROVIDE (__init_array_start = .)
 *(SORT_BY_NAME(.init_array.*))
 *(.init_array*)
 .init_array    0x08002074        0x4 d:/openstm/plugins/fr.ac6.mcu.externaltools.arm-none.win32_1.17.0.201812190825/tools/compiler/bin/../lib/gcc/arm-none-eabi/7.3.1/thumb/v7e-m/fpv4-sp/hard/crtbegin.o
                0x08002078                PROVIDE (__init_array_end = .)

.fini_array     0x08002078        0x4
                [!provide]                PROVIDE (__fini_array_start = .)
 *(SORT_BY_NAME(.fini_array.*))
 *(.fini_array*)
 .fini_array    0x08002078        0x4 d:/openstm/plugins/fr.ac6.mcu.externaltools.arm-none.win32_1.17.0.201812190825/tools/compiler/bin/../lib/gcc/arm-none-eabi/7.3.1/thumb/v7e-m/fpv4-sp/hard/crtbegin.o
                [!provide]                PROVIDE (__fini_array_end = .)
                0x0800207c                _sidata = LOADADDR (.data)

.data           0x20000000       0x10 load address 0x0800207c
                0x20000000                . = ALIGN (0x4)
                0x20000000                _sdata = .
 *(.data)
 .data          0x20000000        0x4 Core/Src/main.o
                0x20000000                msg
 .data          0x20000004        0x4 Core/Src/system_stm32f4xx.o
                0x20000004                SystemCoreClock
 .data          0x20000008        0x8 Drivers/STM32F4xx_HAL_Driver/Src/stm32f4xx_hal.o
                0x20000008                uwTickFreq
                0x2000000c                uwTickPrio
 *(.data*)
                0x20000010                . = ALIGN (0x4)
                0x20000010                _edata = .
                0x0800208c                _siccmram = LOADADDR (.ccmram)

.igot.plt       0x20000010        0x0 load address 0x0800208c
 .igot.plt      0x20000010        0x0 d:/openstm/plugins/fr.ac6.mcu.externaltools.arm-none.win32_1.17.0.201812190825/tools/compiler/bin/../lib/gcc/arm-none-eabi/7.3.1/thumb/v7e-m/fpv4-sp/hard/crtbegin.o

.ccmram         0x10000000        0x0 load address 0x0800208c
                0x10000000                . = ALIGN (0x4)
                0x10000000                _sccmram = .
 *(.ccmram)
 *(.ccmram*)
                0x10000000                . = ALIGN (0x4)
                0x10000000                _eccmram = .
                0x10000000                . = ALIGN (0x4)

.bss            0x20000010      0x3d4
                0x20000010                _sbss = .
                0x20000010                __bss_start__ = _sbss
 *(.bss)
 .bss           0x20000010       0x1c d:/openstm/plugins/fr.ac6.mcu.externaltools.arm-none.win32_1.17.0.201812190825/tools/compiler/bin/../lib/gcc/arm-none-eabi/7.3.1/thumb/v7e-m/fpv4-sp/hard/crtbegin.o
 .bss           0x2000002c        0x4 Core/Src/main.o
                0x2000002c                count
 *(.bss*)
 *(COMMON)
 COMMON         0x20000030       0xac Core/Src/main.o
                0x20000030                rcvd_data
                0x20000034                huart2
                0x20000078                data_buffer
 COMMON         0x200000dc        0x4 Drivers/STM32F4xx_HAL_Driver/Src/stm32f4xx_hal.o
                0x200000dc                uwTick
 COMMON         0x200000e0      0x304 USB_HOST/Target/usbh_conf.o
                0x200000e0                hhcd_USB_OTG_FS
                0x200003e4                . = ALIGN (0x4)
                0x200003e4                _ebss = .
                0x200003e4                __bss_end__ = _ebss

._user_heap_stack
                0x200003e4      0x604
                0x200003e8                . = ALIGN (0x8)
 *fill*         0x200003e4        0x4 
                0x200003e8                PROVIDE (end = .)
                [!provide]                PROVIDE (_end = .)
                0x200005e8                . = (. + _Min_Heap_Size)
 *fill*         0x200003e8      0x200 
                0x200009e8                . = (. + _Min_Stack_Size)
 *fill*         0x200005e8      0x400 
                0x200009e8                . = ALIGN (0x8)

/DISCARD/
 libc.a(*)
 libm.a(*)
 libgcc.a(*)

.ARM.attributes
                0x00000000       0x30
 *(.ARM.attributes)
 .ARM.attributes
                0x00000000       0x22 d:/openstm/plugins/fr.ac6.mcu.externaltools.arm-none.win32_1.17.0.201812190825/tools/compiler/bin/../lib/gcc/arm-none-eabi/7.3.1/thumb/v7e-m/fpv4-sp/hard/crti.o
 .ARM.attributes
                0x00000022       0x34 d:/openstm/plugins/fr.ac6.mcu.externaltools.arm-none.win32_1.17.0.201812190825/tools/compiler/bin/../lib/gcc/arm-none-eabi/7.3.1/thumb/v7e-m/fpv4-sp/hard/crtbegin.o
 .ARM.attributes
                0x00000056       0x39 Core/Src/main.o
 .ARM.attributes
                0x0000008f       0x39 Core/Src/stm32f4xx_hal_msp.o
 .ARM.attributes
                0x000000c8       0x39 Core/Src/stm32f4xx_it.o
 .ARM.attributes
                0x00000101       0x39 Core/Src/system_stm32f4xx.o
 .ARM.attributes
                0x0000013a       0x39 Drivers/STM32F4xx_HAL_Driver/Src/stm32f4xx_hal.o
 .ARM.attributes
                0x00000173       0x39 Drivers/STM32F4xx_HAL_Driver/Src/stm32f4xx_hal_cortex.o
 .ARM.attributes
                0x000001ac       0x39 Drivers/STM32F4xx_HAL_Driver/Src/stm32f4xx_hal_dma.o
 .ARM.attributes
                0x000001e5       0x39 Drivers/STM32F4xx_HAL_Driver/Src/stm32f4xx_hal_gpio.o
 .ARM.attributes
                0x0000021e       0x39 Drivers/STM32F4xx_HAL_Driver/Src/stm32f4xx_hal_hcd.o
 .ARM.attributes
                0x00000257       0x39 Drivers/STM32F4xx_HAL_Driver/Src/stm32f4xx_hal_rcc.o
 .ARM.attributes
                0x00000290       0x39 Drivers/STM32F4xx_HAL_Driver/Src/stm32f4xx_hal_uart.o
 .ARM.attributes
                0x000002c9       0x39 Drivers/STM32F4xx_HAL_Driver/Src/stm32f4xx_ll_usb.o
 .ARM.attributes
                0x00000302       0x39 Middlewares/ST/STM32_USB_Host_Library/Core/Src/usbh_core.o
 .ARM.attributes
                0x0000033b       0x39 Middlewares/ST/STM32_USB_Host_Library/Core/Src/usbh_pipes.o
 .ARM.attributes
                0x00000374       0x39 USB_HOST/Target/usbh_conf.o
 .ARM.attributes
                0x000003ad       0x21 startup/startup_stm32f407xx.o
 .ARM.attributes
                0x000003ce       0x22 d:/openstm/plugins/fr.ac6.mcu.externaltools.arm-none.win32_1.17.0.201812190825/tools/compiler/bin/../lib/gcc/arm-none-eabi/7.3.1/thumb/v7e-m/fpv4-sp/hard\libgcc.a(_aeabi_uldivmod.o)
 .ARM.attributes
                0x000003f0       0x34 d:/openstm/plugins/fr.ac6.mcu.externaltools.arm-none.win32_1.17.0.201812190825/tools/compiler/bin/../lib/gcc/arm-none-eabi/7.3.1/thumb/v7e-m/fpv4-sp/hard\libgcc.a(_udivmoddi4.o)
 .ARM.attributes
                0x00000424       0x22 d:/openstm/plugins/fr.ac6.mcu.externaltools.arm-none.win32_1.17.0.201812190825/tools/compiler/bin/../lib/gcc/arm-none-eabi/7.3.1/thumb/v7e-m/fpv4-sp/hard\libgcc.a(_dvmd_tls.o)
 .ARM.attributes
                0x00000446       0x34 d:/openstm/plugins/fr.ac6.mcu.externaltools.arm-none.win32_1.17.0.201812190825/tools/compiler/bin/../lib/gcc/arm-none-eabi/7.3.1/../../../../arm-none-eabi/lib/thumb/v7e-m/fpv4-sp/hard\libc_nano.a(lib_a-init.o)
 .ARM.attributes
                0x0000047a       0x1b d:/openstm/plugins/fr.ac6.mcu.externaltools.arm-none.win32_1.17.0.201812190825/tools/compiler/bin/../lib/gcc/arm-none-eabi/7.3.1/../../../../arm-none-eabi/lib/thumb/v7e-m/fpv4-sp/hard\libc_nano.a(lib_a-strlen.o)
 .ARM.attributes
                0x00000495       0x22 d:/openstm/plugins/fr.ac6.mcu.externaltools.arm-none.win32_1.17.0.201812190825/tools/compiler/bin/../lib/gcc/arm-none-eabi/7.3.1/thumb/v7e-m/fpv4-sp/hard/crtn.o
OUTPUT(Task.elf elf32-littlearm)

.debug_info     0x00000000    0x1239e
 .debug_info    0x00000000     0x1456 Core/Src/main.o
 .debug_info    0x00001456      0xdf7 Core/Src/stm32f4xx_hal_msp.o
 .debug_info    0x0000224d      0x6f2 Core/Src/stm32f4xx_it.o
 .debug_info    0x0000293f      0x559 Core/Src/system_stm32f4xx.o
 .debug_info    0x00002e98      0x9f1 Drivers/STM32F4xx_HAL_Driver/Src/stm32f4xx_hal.o
 .debug_info    0x00003889      0xf8c Drivers/STM32F4xx_HAL_Driver/Src/stm32f4xx_hal_cortex.o
 .debug_info    0x00004815      0xaad Drivers/STM32F4xx_HAL_Driver/Src/stm32f4xx_hal_dma.o
 .debug_info    0x000052c2      0x7d0 Drivers/STM32F4xx_HAL_Driver/Src/stm32f4xx_hal_gpio.o
 .debug_info    0x00005a92     0x13a5 Drivers/STM32F4xx_HAL_Driver/Src/stm32f4xx_hal_hcd.o
 .debug_info    0x00006e37      0xa94 Drivers/STM32F4xx_HAL_Driver/Src/stm32f4xx_hal_rcc.o
 .debug_info    0x000078cb     0x392a Drivers/STM32F4xx_HAL_Driver/Src/stm32f4xx_hal_uart.o
 .debug_info    0x0000b1f5     0x1bad Drivers/STM32F4xx_HAL_Driver/Src/stm32f4xx_ll_usb.o
 .debug_info    0x0000cda2     0x1ca6 Middlewares/ST/STM32_USB_Host_Library/Core/Src/usbh_core.o
 .debug_info    0x0000ea48     0x13a3 Middlewares/ST/STM32_USB_Host_Library/Core/Src/usbh_pipes.o
 .debug_info    0x0000fdeb     0x2591 USB_HOST/Target/usbh_conf.o
 .debug_info    0x0001237c       0x22 startup/startup_stm32f407xx.o

.debug_abbrev   0x00000000     0x2593
 .debug_abbrev  0x00000000      0x2fa Core/Src/main.o
 .debug_abbrev  0x000002fa      0x1bc Core/Src/stm32f4xx_hal_msp.o
 .debug_abbrev  0x000004b6      0x182 Core/Src/stm32f4xx_it.o
 .debug_abbrev  0x00000638      0x12b Core/Src/system_stm32f4xx.o
 .debug_abbrev  0x00000763      0x1ed Drivers/STM32F4xx_HAL_Driver/Src/stm32f4xx_hal.o
 .debug_abbrev  0x00000950      0x328 Drivers/STM32F4xx_HAL_Driver/Src/stm32f4xx_hal_cortex.o
 .debug_abbrev  0x00000c78      0x290 Drivers/STM32F4xx_HAL_Driver/Src/stm32f4xx_hal_dma.o
 .debug_abbrev  0x00000f08      0x1e7 Drivers/STM32F4xx_HAL_Driver/Src/stm32f4xx_hal_gpio.o
 .debug_abbrev  0x000010ef      0x27f Drivers/STM32F4xx_HAL_Driver/Src/stm32f4xx_hal_hcd.o
 .debug_abbrev  0x0000136e      0x273 Drivers/STM32F4xx_HAL_Driver/Src/stm32f4xx_hal_rcc.o
 .debug_abbrev  0x000015e1      0x306 Drivers/STM32F4xx_HAL_Driver/Src/stm32f4xx_hal_uart.o
 .debug_abbrev  0x000018e7      0x2b3 Drivers/STM32F4xx_HAL_Driver/Src/stm32f4xx_ll_usb.o
 .debug_abbrev  0x00001b9a      0x382 Middlewares/ST/STM32_USB_Host_Library/Core/Src/usbh_core.o
 .debug_abbrev  0x00001f1c      0x2cc Middlewares/ST/STM32_USB_Host_Library/Core/Src/usbh_pipes.o
 .debug_abbrev  0x000021e8      0x399 USB_HOST/Target/usbh_conf.o
 .debug_abbrev  0x00002581       0x12 startup/startup_stm32f407xx.o

.debug_loc      0x00000000     0x90a4
 .debug_loc     0x00000000       0x6c Core/Src/main.o
 .debug_loc     0x0000006c       0xe8 Core/Src/stm32f4xx_hal_msp.o
 .debug_loc     0x00000154      0x13e Core/Src/system_stm32f4xx.o
 .debug_loc     0x00000292      0x11b Drivers/STM32F4xx_HAL_Driver/Src/stm32f4xx_hal.o
 .debug_loc     0x000003ad      0x5ce Drivers/STM32F4xx_HAL_Driver/Src/stm32f4xx_hal_cortex.o
 .debug_loc     0x0000097b      0xb4e Drivers/STM32F4xx_HAL_Driver/Src/stm32f4xx_hal_dma.o
 .debug_loc     0x000014c9      0x475 Drivers/STM32F4xx_HAL_Driver/Src/stm32f4xx_hal_gpio.o
 .debug_loc     0x0000193e      0xe70 Drivers/STM32F4xx_HAL_Driver/Src/stm32f4xx_hal_hcd.o
 .debug_loc     0x000027ae      0x40f Drivers/STM32F4xx_HAL_Driver/Src/stm32f4xx_hal_rcc.o
 .debug_loc     0x00002bbd     0x335b Drivers/STM32F4xx_HAL_Driver/Src/stm32f4xx_hal_uart.o
 .debug_loc     0x00005f18     0x1f94 Drivers/STM32F4xx_HAL_Driver/Src/stm32f4xx_ll_usb.o
 .debug_loc     0x00007eac      0x84c Middlewares/ST/STM32_USB_Host_Library/Core/Src/usbh_core.o
 .debug_loc     0x000086f8      0x1be Middlewares/ST/STM32_USB_Host_Library/Core/Src/usbh_pipes.o
 .debug_loc     0x000088b6      0x7ee USB_HOST/Target/usbh_conf.o

.debug_aranges  0x00000000      0xac0
 .debug_aranges
                0x00000000       0x58 Core/Src/main.o
 .debug_aranges
                0x00000058       0x40 Core/Src/stm32f4xx_hal_msp.o
 .debug_aranges
                0x00000098       0x68 Core/Src/stm32f4xx_it.o
 .debug_aranges
                0x00000100       0x28 Core/Src/system_stm32f4xx.o
 .debug_aranges
                0x00000128       0xf0 Drivers/STM32F4xx_HAL_Driver/Src/stm32f4xx_hal.o
 .debug_aranges
                0x00000218       0xa8 Drivers/STM32F4xx_HAL_Driver/Src/stm32f4xx_hal_cortex.o
 .debug_aranges
                0x000002c0       0x90 Drivers/STM32F4xx_HAL_Driver/Src/stm32f4xx_hal_dma.o
 .debug_aranges
                0x00000350       0x58 Drivers/STM32F4xx_HAL_Driver/Src/stm32f4xx_hal_gpio.o
 .debug_aranges
                0x000003a8       0xf8 Drivers/STM32F4xx_HAL_Driver/Src/stm32f4xx_hal_hcd.o
 .debug_aranges
                0x000004a0       0x88 Drivers/STM32F4xx_HAL_Driver/Src/stm32f4xx_hal_rcc.o
 .debug_aranges
                0x00000528      0x200 Drivers/STM32F4xx_HAL_Driver/Src/stm32f4xx_hal_uart.o
 .debug_aranges
                0x00000728      0x198 Drivers/STM32F4xx_HAL_Driver/Src/stm32f4xx_ll_usb.o
 .debug_aranges
                0x000008c0       0xc0 Middlewares/ST/STM32_USB_Host_Library/Core/Src/usbh_core.o
 .debug_aranges
                0x00000980       0x40 Middlewares/ST/STM32_USB_Host_Library/Core/Src/usbh_pipes.o
 .debug_aranges
                0x000009c0       0xd8 USB_HOST/Target/usbh_conf.o
 .debug_aranges
                0x00000a98       0x28 startup/startup_stm32f407xx.o

.debug_ranges   0x00000000      0xa58
 .debug_ranges  0x00000000       0x48 Core/Src/main.o
 .debug_ranges  0x00000048       0x30 Core/Src/stm32f4xx_hal_msp.o
 .debug_ranges  0x00000078       0x58 Core/Src/stm32f4xx_it.o
 .debug_ranges  0x000000d0       0x18 Core/Src/system_stm32f4xx.o
 .debug_ranges  0x000000e8       0xe0 Drivers/STM32F4xx_HAL_Driver/Src/stm32f4xx_hal.o
 .debug_ranges  0x000001c8       0xf8 Drivers/STM32F4xx_HAL_Driver/Src/stm32f4xx_hal_cortex.o
 .debug_ranges  0x000002c0       0x80 Drivers/STM32F4xx_HAL_Driver/Src/stm32f4xx_hal_dma.o
 .debug_ranges  0x00000340       0x48 Drivers/STM32F4xx_HAL_Driver/Src/stm32f4xx_hal_gpio.o
 .debug_ranges  0x00000388       0xe8 Drivers/STM32F4xx_HAL_Driver/Src/stm32f4xx_hal_hcd.o
 .debug_ranges  0x00000470       0x90 Drivers/STM32F4xx_HAL_Driver/Src/stm32f4xx_hal_rcc.o
 .debug_ranges  0x00000500      0x208 Drivers/STM32F4xx_HAL_Driver/Src/stm32f4xx_hal_uart.o
 .debug_ranges  0x00000708      0x188 Drivers/STM32F4xx_HAL_Driver/Src/stm32f4xx_ll_usb.o
 .debug_ranges  0x00000890       0xb0 Middlewares/ST/STM32_USB_Host_Library/Core/Src/usbh_core.o
 .debug_ranges  0x00000940       0x30 Middlewares/ST/STM32_USB_Host_Library/Core/Src/usbh_pipes.o
 .debug_ranges  0x00000970       0xc8 USB_HOST/Target/usbh_conf.o
 .debug_ranges  0x00000a38       0x20 startup/startup_stm32f407xx.o

.debug_macro    0x00000000    0x212f6
 .debug_macro   0x00000000      0x2b7 Core/Src/main.o
 .debug_macro   0x000002b7      0xa54 Core/Src/main.o
 .debug_macro   0x00000d0b      0x2a1 Core/Src/main.o
 .debug_macro   0x00000fac       0x2e Core/Src/main.o
 .debug_macro   0x00000fda       0x2f Core/Src/main.o
 .debug_macro   0x00001009       0x22 Core/Src/main.o
 .debug_macro   0x0000102b       0x8e Core/Src/main.o
 .debug_macro   0x000010b9       0x51 Core/Src/main.o
 .debug_macro   0x0000110a       0xef Core/Src/main.o
 .debug_macro   0x000011f9       0x6a Core/Src/main.o
 .debug_macro   0x00001263      0x1df Core/Src/main.o
 .debug_macro   0x00001442       0x1c Core/Src/main.o
 .debug_macro   0x0000145e       0x22 Core/Src/main.o
 .debug_macro   0x00001480       0xdf Core/Src/main.o
 .debug_macro   0x0000155f     0x102d Core/Src/main.o
 .debug_macro   0x0000258c      0x11f Core/Src/main.o
 .debug_macro   0x000026ab    0x15e58 Core/Src/main.o
 .debug_macro   0x00018503       0x6d Core/Src/main.o
 .debug_macro   0x00018570     0x3666 Core/Src/main.o
 .debug_macro   0x0001bbd6      0x174 Core/Src/main.o
 .debug_macro   0x0001bd4a       0x5c Core/Src/main.o
 .debug_macro   0x0001bda6      0x96b Core/Src/main.o
 .debug_macro   0x0001c711      0x9fe Core/Src/main.o
 .debug_macro   0x0001d10f      0x116 Core/Src/main.o
 .debug_macro   0x0001d225      0x13e Core/Src/main.o
 .debug_macro   0x0001d363       0xa5 Core/Src/main.o
 .debug_macro   0x0001d408      0x174 Core/Src/main.o
 .debug_macro   0x0001d57c      0x287 Core/Src/main.o
 .debug_macro   0x0001d803       0x5f Core/Src/main.o
 .debug_macro   0x0001d862      0x236 Core/Src/main.o
 .debug_macro   0x0001da98      0x12c Core/Src/main.o
 .debug_macro   0x0001dbc4      0x21e Core/Src/main.o
 .debug_macro   0x0001dde2       0x2e Core/Src/main.o
 .debug_macro   0x0001de10      0x1a7 Core/Src/main.o
 .debug_macro   0x0001dfb7       0x46 Core/Src/main.o
 .debug_macro   0x0001dffd       0x4a Core/Src/main.o
 .debug_macro   0x0001e047      0x11a Core/Src/main.o
 .debug_macro   0x0001e161       0x7e Core/Src/main.o
 .debug_macro   0x0001e1df       0x89 Core/Src/main.o
 .debug_macro   0x0001e268      0x295 Core/Src/main.o
 .debug_macro   0x0001e4fd      0x21e Core/Src/main.o
 .debug_macro   0x0001e71b       0x7c Core/Src/main.o
 .debug_macro   0x0001e797      0x12d Core/Src/main.o
 .debug_macro   0x0001e8c4      0x190 Core/Src/main.o
 .debug_macro   0x0001ea54       0x5e Core/Src/main.o
 .debug_macro   0x0001eab2       0x18 Core/Src/main.o
 .debug_macro   0x0001eaca       0x35 Core/Src/main.o
 .debug_macro   0x0001eaff       0x34 Core/Src/main.o
 .debug_macro   0x0001eb33       0x58 Core/Src/main.o
 .debug_macro   0x0001eb8b       0x1f Core/Src/main.o
 .debug_macro   0x0001ebaa       0x43 Core/Src/main.o
 .debug_macro   0x0001ebed       0x20 Core/Src/main.o
 .debug_macro   0x0001ec0d      0x18e Core/Src/main.o
 .debug_macro   0x0001ed9b      0x32a Core/Src/main.o
 .debug_macro   0x0001f0c5       0x10 Core/Src/main.o
 .debug_macro   0x0001f0d5       0x35 Core/Src/main.o
 .debug_macro   0x0001f10a      0x1fb Core/Src/stm32f4xx_hal_msp.o
 .debug_macro   0x0001f305      0x205 Core/Src/stm32f4xx_it.o
 .debug_macro   0x0001f50a      0x1ec Core/Src/system_stm32f4xx.o
 .debug_macro   0x0001f6f6      0x24c Drivers/STM32F4xx_HAL_Driver/Src/stm32f4xx_hal.o
 .debug_macro   0x0001f942      0x1ec Drivers/STM32F4xx_HAL_Driver/Src/stm32f4xx_hal_cortex.o
 .debug_macro   0x0001fb2e      0x1f2 Drivers/STM32F4xx_HAL_Driver/Src/stm32f4xx_hal_dma.o
 .debug_macro   0x0001fd20      0x1f2 Drivers/STM32F4xx_HAL_Driver/Src/stm32f4xx_hal_gpio.o
 .debug_macro   0x0001ff12      0x1ec Drivers/STM32F4xx_HAL_Driver/Src/stm32f4xx_hal_hcd.o
 .debug_macro   0x000200fe      0x210 Drivers/STM32F4xx_HAL_Driver/Src/stm32f4xx_hal_rcc.o
 .debug_macro   0x0002030e      0x1ed Drivers/STM32F4xx_HAL_Driver/Src/stm32f4xx_hal_uart.o
 .debug_macro   0x000204fb      0x1ec Drivers/STM32F4xx_HAL_Driver/Src/stm32f4xx_ll_usb.o
 .debug_macro   0x000206e7      0x409 Middlewares/ST/STM32_USB_Host_Library/Core/Src/usbh_core.o
 .debug_macro   0x00020af0      0x3fb Middlewares/ST/STM32_USB_Host_Library/Core/Src/usbh_pipes.o
 .debug_macro   0x00020eeb      0x40b USB_HOST/Target/usbh_conf.o

.debug_line     0x00000000     0xb3b0
 .debug_line    0x00000000      0x916 Core/Src/main.o
 .debug_line    0x00000916      0x850 Core/Src/stm32f4xx_hal_msp.o
 .debug_line    0x00001166      0x86f Core/Src/stm32f4xx_it.o
 .debug_line    0x000019d5      0x7ee Core/Src/system_stm32f4xx.o
 .debug_line    0x000021c3      0x9cc Drivers/STM32F4xx_HAL_Driver/Src/stm32f4xx_hal.o
 .debug_line    0x00002b8f      0xa1e Drivers/STM32F4xx_HAL_Driver/Src/stm32f4xx_hal_cortex.o
 .debug_line    0x000035ad      0xaf4 Drivers/STM32F4xx_HAL_Driver/Src/stm32f4xx_hal_dma.o
 .debug_line    0x000040a1      0x94a Drivers/STM32F4xx_HAL_Driver/Src/stm32f4xx_hal_gpio.o
 .debug_line    0x000049eb      0xc51 Drivers/STM32F4xx_HAL_Driver/Src/stm32f4xx_hal_hcd.o
 .debug_line    0x0000563c      0xa5c Drivers/STM32F4xx_HAL_Driver/Src/stm32f4xx_hal_rcc.o
 .debug_line    0x00006098     0x1cf4 Drivers/STM32F4xx_HAL_Driver/Src/stm32f4xx_hal_uart.o
 .debug_line    0x00007d8c      0xf22 Drivers/STM32F4xx_HAL_Driver/Src/stm32f4xx_ll_usb.o
 .debug_line    0x00008cae      0xe60 Middlewares/ST/STM32_USB_Host_Library/Core/Src/usbh_core.o
 .debug_line    0x00009b0e      0xb10 Middlewares/ST/STM32_USB_Host_Library/Core/Src/usbh_pipes.o
 .debug_line    0x0000a61e      0xd11 USB_HOST/Target/usbh_conf.o
 .debug_line    0x0000b32f       0x81 startup/startup_stm32f407xx.o

.debug_str      0x00000000    0xc7ec3
 .debug_str     0x00000000    0xc2054 Core/Src/main.o
                              0xc238f (size before relaxing)
 .debug_str     0x000c2054      0x2af Core/Src/stm32f4xx_hal_msp.o
                              0xbf9c7 (size before relaxing)
 .debug_str     0x000c2303      0x45c Core/Src/stm32f4xx_it.o
                              0xbf633 (size before relaxing)
 .debug_str     0x000c275f       0xaf Core/Src/system_stm32f4xx.o
                              0xbec62 (size before relaxing)
 .debug_str     0x000c280e      0xa71 Drivers/STM32F4xx_HAL_Driver/Src/stm32f4xx_hal.o
                              0xbf789 (size before relaxing)
 .debug_str     0x000c327f      0x34d Drivers/STM32F4xx_HAL_Driver/Src/stm32f4xx_hal_cortex.o
                              0xbf533 (size before relaxing)
 .debug_str     0x000c35cc      0x322 Drivers/STM32F4xx_HAL_Driver/Src/stm32f4xx_hal_dma.o
                              0xbf098 (size before relaxing)
 .debug_str     0x000c38ee      0x14c Drivers/STM32F4xx_HAL_Driver/Src/stm32f4xx_hal_gpio.o
                              0xbee09 (size before relaxing)
 .debug_str     0x000c3a3a      0x538 Drivers/STM32F4xx_HAL_Driver/Src/stm32f4xx_hal_hcd.o
                              0xbf457 (size before relaxing)
 .debug_str     0x000c3f72      0x36e Drivers/STM32F4xx_HAL_Driver/Src/stm32f4xx_hal_rcc.o
                              0xbf08b (size before relaxing)
 .debug_str     0x000c42e0      0x5a5 Drivers/STM32F4xx_HAL_Driver/Src/stm32f4xx_hal_uart.o
                              0xbf661 (size before relaxing)
 .debug_str     0x000c4885      0x509 Drivers/STM32F4xx_HAL_Driver/Src/stm32f4xx_ll_usb.o
                              0xbf58d (size before relaxing)
 .debug_str     0x000c4d8e     0x2ee4 Middlewares/ST/STM32_USB_Host_Library/Core/Src/usbh_core.o
                              0xc4c36 (size before relaxing)
 .debug_str     0x000c7c72       0x98 Middlewares/ST/STM32_USB_Host_Library/Core/Src/usbh_pipes.o
                              0xc4987 (size before relaxing)
 .debug_str     0x000c7d0a      0x18a USB_HOST/Target/usbh_conf.o
                              0xc586f (size before relaxing)
 .debug_str     0x000c7e94       0x2f startup/startup_stm32f407xx.o
                                 0x94 (size before relaxing)

.comment        0x00000000       0x7f
 .comment       0x00000000       0x7f Core/Src/main.o
                                 0x80 (size before relaxing)
 .comment       0x0000007f       0x80 Core/Src/stm32f4xx_hal_msp.o
 .comment       0x0000007f       0x80 Core/Src/stm32f4xx_it.o
 .comment       0x0000007f       0x80 Core/Src/system_stm32f4xx.o
 .comment       0x0000007f       0x80 Drivers/STM32F4xx_HAL_Driver/Src/stm32f4xx_hal.o
 .comment       0x0000007f       0x80 Drivers/STM32F4xx_HAL_Driver/Src/stm32f4xx_hal_cortex.o
 .comment       0x0000007f       0x80 Drivers/STM32F4xx_HAL_Driver/Src/stm32f4xx_hal_dma.o
 .comment       0x0000007f       0x80 Drivers/STM32F4xx_HAL_Driver/Src/stm32f4xx_hal_gpio.o
 .comment       0x0000007f       0x80 Drivers/STM32F4xx_HAL_Driver/Src/stm32f4xx_hal_hcd.o
 .comment       0x0000007f       0x80 Drivers/STM32F4xx_HAL_Driver/Src/stm32f4xx_hal_rcc.o
 .comment       0x0000007f       0x80 Drivers/STM32F4xx_HAL_Driver/Src/stm32f4xx_hal_uart.o
 .comment       0x0000007f       0x80 Drivers/STM32F4xx_HAL_Driver/Src/stm32f4xx_ll_usb.o
 .comment       0x0000007f       0x80 Middlewares/ST/STM32_USB_Host_Library/Core/Src/usbh_core.o
 .comment       0x0000007f       0x80 Middlewares/ST/STM32_USB_Host_Library/Core/Src/usbh_pipes.o
 .comment       0x0000007f       0x80 USB_HOST/Target/usbh_conf.o

.debug_frame    0x00000000     0x1c08
 .debug_frame   0x00000000       0xbc Core/Src/main.o
 .debug_frame   0x000000bc       0xa0 Core/Src/stm32f4xx_hal_msp.o
 .debug_frame   0x0000015c       0xc0 Core/Src/stm32f4xx_it.o
 .debug_frame   0x0000021c       0x30 Core/Src/system_stm32f4xx.o
 .debug_frame   0x0000024c      0x1ec Drivers/STM32F4xx_HAL_Driver/Src/stm32f4xx_hal.o
 .debug_frame   0x00000438      0x15c Drivers/STM32F4xx_HAL_Driver/Src/stm32f4xx_hal_cortex.o
 .debug_frame   0x00000594      0x188 Drivers/STM32F4xx_HAL_Driver/Src/stm32f4xx_hal_dma.o
 .debug_frame   0x0000071c       0xd8 Drivers/STM32F4xx_HAL_Driver/Src/stm32f4xx_hal_gpio.o
 .debug_frame   0x000007f4      0x2b0 Drivers/STM32F4xx_HAL_Driver/Src/stm32f4xx_hal_hcd.o
 .debug_frame   0x00000aa4      0x184 Drivers/STM32F4xx_HAL_Driver/Src/stm32f4xx_hal_rcc.o
 .debug_frame   0x00000c28      0x5c8 Drivers/STM32F4xx_HAL_Driver/Src/stm32f4xx_hal_uart.o
 .debug_frame   0x000011f0      0x4b8 Drivers/STM32F4xx_HAL_Driver/Src/stm32f4xx_ll_usb.o
 .debug_frame   0x000016a8      0x200 Middlewares/ST/STM32_USB_Host_Library/Core/Src/usbh_core.o
 .debug_frame   0x000018a8       0x84 Middlewares/ST/STM32_USB_Host_Library/Core/Src/usbh_pipes.o
 .debug_frame   0x0000192c      0x250 USB_HOST/Target/usbh_conf.o
 .debug_frame   0x00001b7c       0x2c d:/openstm/plugins/fr.ac6.mcu.externaltools.arm-none.win32_1.17.0.201812190825/tools/compiler/bin/../lib/gcc/arm-none-eabi/7.3.1/thumb/v7e-m/fpv4-sp/hard\libgcc.a(_aeabi_uldivmod.o)
 .debug_frame   0x00001ba8       0x34 d:/openstm/plugins/fr.ac6.mcu.externaltools.arm-none.win32_1.17.0.201812190825/tools/compiler/bin/../lib/gcc/arm-none-eabi/7.3.1/thumb/v7e-m/fpv4-sp/hard\libgcc.a(_udivmoddi4.o)
 .debug_frame   0x00001bdc       0x2c d:/openstm/plugins/fr.ac6.mcu.externaltools.arm-none.win32_1.17.0.201812190825/tools/compiler/bin/../lib/gcc/arm-none-eabi/7.3.1/../../../../arm-none-eabi/lib/thumb/v7e-m/fpv4-sp/hard\libc_nano.a(lib_a-init.o)
